/home/tobar/microproyecto_ws/install/modelo_robot/lib/python3.10/site-packages/modelo_robot/joy_controller.py
/home/tobar/microproyecto_ws/install/modelo_robot/lib/python3.10/site-packages/modelo_robot/tf_broadcaster_imu.py
/home/tobar/microproyecto_ws/install/modelo_robot/lib/python3.10/site-packages/modelo_robot/__init__.py
/home/tobar/microproyecto_ws/install/modelo_robot/lib/python3.10/site-packages/modelo_robot/__pycache__/joy_controller.cpython-310.pyc
/home/tobar/microproyecto_ws/install/modelo_robot/lib/python3.10/site-packages/modelo_robot/__pycache__/tf_broadcaster_imu.cpython-310.pyc
/home/tobar/microproyecto_ws/install/modelo_robot/lib/python3.10/site-packages/modelo_robot/__pycache__/__init__.cpython-310.pyc
/home/tobar/microproyecto_ws/install/modelo_robot/share/ament_index/resource_index/packages/modelo_robot
/home/tobar/microproyecto_ws/install/modelo_robot/share/modelo_robot/package.xml
/home/tobar/microproyecto_ws/install/modelo_robot/share/modelo_robot/urdf/URDF_Microproyecto_9.csv
/home/tobar/microproyecto_ws/install/modelo_robot/share/modelo_robot/urdf/URDF_Microproyecto_9.urdf
/home/tobar/microproyecto_ws/install/modelo_robot/share/modelo_robot/launch/robot_bringup.launch.py
/home/tobar/microproyecto_ws/install/modelo_robot/share/modelo_robot/launch/gazebo.launch.py
/home/tobar/microproyecto_ws/install/modelo_robot/share/modelo_robot/launch/display.launch.py
/home/tobar/microproyecto_ws/install/modelo_robot/share/modelo_robot/meshes/Cam_link.STL
/home/tobar/microproyecto_ws/install/modelo_robot/share/modelo_robot/meshes/Rueda_izq.STL
/home/tobar/microproyecto_ws/install/modelo_robot/share/modelo_robot/meshes/Rueda_der.STL
/home/tobar/microproyecto_ws/install/modelo_robot/share/modelo_robot/meshes/base_link.STL
/home/tobar/microproyecto_ws/install/modelo_robot/share/modelo_robot/worlds
/home/tobar/microproyecto_ws/install/modelo_robot/share/modelo_robot/config
/home/tobar/microproyecto_ws/install/modelo_robot/lib/python3.10/site-packages/modelo_robot-0.0.0-py3.10.egg-info/entry_points.txt
/home/tobar/microproyecto_ws/install/modelo_robot/lib/python3.10/site-packages/modelo_robot-0.0.0-py3.10.egg-info/requires.txt
/home/tobar/microproyecto_ws/install/modelo_robot/lib/python3.10/site-packages/modelo_robot-0.0.0-py3.10.egg-info/zip-safe
/home/tobar/microproyecto_ws/install/modelo_robot/lib/python3.10/site-packages/modelo_robot-0.0.0-py3.10.egg-info/PKG-INFO
/home/tobar/microproyecto_ws/install/modelo_robot/lib/python3.10/site-packages/modelo_robot-0.0.0-py3.10.egg-info/top_level.txt
/home/tobar/microproyecto_ws/install/modelo_robot/lib/python3.10/site-packages/modelo_robot-0.0.0-py3.10.egg-info/dependency_links.txt
/home/tobar/microproyecto_ws/install/modelo_robot/lib/python3.10/site-packages/modelo_robot-0.0.0-py3.10.egg-info/SOURCES.txt
/home/tobar/microproyecto_ws/install/modelo_robot/lib/modelo_robot/joy_controller
/home/tobar/microproyecto_ws/install/modelo_robot/lib/modelo_robot/tf_broadcaster_imu
