[0.638s] Invoking command in '/home/tobar/microproyecto_ws/modelo_robot': PYTHONPATH=/home/tobar/microproyecto_ws/build/modelo_robot/prefix_override:/usr/lib/python3/dist-packages/colcon_core/task/python/colcon_distutils_commands:/home/tobar/microproyecto_ws/install/modelo_robot/lib/python3.10/site-packages:${PYTHONPATH} /usr/bin/python3 -W ignore:setup.py install is deprecated -W ignore:easy_install command is deprecated setup.py egg_info --egg-base ../build/modelo_robot build --build-base /home/tobar/microproyecto_ws/build/modelo_robot/build install --record /home/tobar/microproyecto_ws/build/modelo_robot/install.log --single-version-externally-managed install_data
[0.838s] running egg_info
[0.839s] writing ../build/modelo_robot/modelo_robot.egg-info/PKG-INFO
[0.847s] writing dependency_links to ../build/modelo_robot/modelo_robot.egg-info/dependency_links.txt
[0.847s] writing entry points to ../build/modelo_robot/modelo_robot.egg-info/entry_points.txt
[0.848s] writing requirements to ../build/modelo_robot/modelo_robot.egg-info/requires.txt
[0.848s] writing top-level names to ../build/modelo_robot/modelo_robot.egg-info/top_level.txt
[0.852s] reading manifest file '../build/modelo_robot/modelo_robot.egg-info/SOURCES.txt'
[0.853s] writing manifest file '../build/modelo_robot/modelo_robot.egg-info/SOURCES.txt'
[0.853s] running build
[0.854s] running build_py
[0.854s] running install
[0.854s] running install_lib
[0.856s] running install_data
[0.859s] running install_egg_info
[0.860s] removing '/home/tobar/microproyecto_ws/install/modelo_robot/lib/python3.10/site-packages/modelo_robot-0.0.0-py3.10.egg-info' (and everything under it)
[0.860s] Copying ../build/modelo_robot/modelo_robot.egg-info to /home/tobar/microproyecto_ws/install/modelo_robot/lib/python3.10/site-packages/modelo_robot-0.0.0-py3.10.egg-info
[0.861s] running install_scripts
[0.878s] writing list of installed files to '/home/tobar/microproyecto_ws/build/modelo_robot/install.log'
[0.906s] Invoked command in '/home/tobar/microproyecto_ws/modelo_robot' returned '0': PYTHONPATH=/home/tobar/microproyecto_ws/build/modelo_robot/prefix_override:/usr/lib/python3/dist-packages/colcon_core/task/python/colcon_distutils_commands:/home/tobar/microproyecto_ws/install/modelo_robot/lib/python3.10/site-packages:${PYTHONPATH} /usr/bin/python3 -W ignore:setup.py install is deprecated -W ignore:easy_install command is deprecated setup.py egg_info --egg-base ../build/modelo_robot build --build-base /home/tobar/microproyecto_ws/build/modelo_robot/build install --record /home/tobar/microproyecto_ws/build/modelo_robot/install.log --single-version-externally-managed install_data
