running egg_info
writing ../build/modelo_robot/modelo_robot.egg-info/PKG-INFO
writing dependency_links to ../build/modelo_robot/modelo_robot.egg-info/dependency_links.txt
writing entry points to ../build/modelo_robot/modelo_robot.egg-info/entry_points.txt
writing requirements to ../build/modelo_robot/modelo_robot.egg-info/requires.txt
writing top-level names to ../build/modelo_robot/modelo_robot.egg-info/top_level.txt
reading manifest file '../build/modelo_robot/modelo_robot.egg-info/SOURCES.txt'
writing manifest file '../build/modelo_robot/modelo_robot.egg-info/SOURCES.txt'
running build
running build_py
running install
running install_lib
running install_data
creating /home/tobar/microproyecto_ws/install/modelo_robot/share/modelo_robot/urdf
copying urdf/URDF_Microproyecto_9.csv -> /home/tobar/microproyecto_ws/install/modelo_robot/share/modelo_robot/urdf
copying urdf/URDF_Microproyecto_9.urdf -> /home/tobar/microproyecto_ws/install/modelo_robot/share/modelo_robot/urdf
copying launch/display.launch.py -> /home/tobar/microproyecto_ws/install/modelo_robot/share/modelo_robot/launch
creating /home/tobar/microproyecto_ws/install/modelo_robot/share/modelo_robot/meshes
copying meshes/Cam_link.STL -> /home/tobar/microproyecto_ws/install/modelo_robot/share/modelo_robot/meshes
copying meshes/Rueda_izq.STL -> /home/tobar/microproyecto_ws/install/modelo_robot/share/modelo_robot/meshes
copying meshes/Rueda_der.STL -> /home/tobar/microproyecto_ws/install/modelo_robot/share/modelo_robot/meshes
copying meshes/base_link.STL -> /home/tobar/microproyecto_ws/install/modelo_robot/share/modelo_robot/meshes
creating /home/tobar/microproyecto_ws/install/modelo_robot/share/modelo_robot/worlds
running install_egg_info
removing '/home/tobar/microproyecto_ws/install/modelo_robot/lib/python3.10/site-packages/modelo_robot-0.0.0-py3.10.egg-info' (and everything under it)
Copying ../build/modelo_robot/modelo_robot.egg-info to /home/tobar/microproyecto_ws/install/modelo_robot/lib/python3.10/site-packages/modelo_robot-0.0.0-py3.10.egg-info
running install_scripts
writing list of installed files to '/home/tobar/microproyecto_ws/build/modelo_robot/install.log'
