[0.980s] Invoking command in '/home/tobar/microproyecto_ws/modelo_robot': PYTHONPATH=/home/tobar/microproyecto_ws/build/modelo_robot/prefix_override:/usr/lib/python3/dist-packages/colcon_core/task/python/colcon_distutils_commands:/home/tobar/microproyecto_ws/install/modelo_robot/lib/python3.10/site-packages:${PYTHONPATH} /usr/bin/python3 -W ignore:setup.py install is deprecated -W ignore:easy_install command is deprecated setup.py egg_info --egg-base ../build/modelo_robot build --build-base /home/tobar/microproyecto_ws/build/modelo_robot/build install --record /home/tobar/microproyecto_ws/build/modelo_robot/install.log --single-version-externally-managed install_data
[1.279s] running egg_info
[1.280s] writing ../build/modelo_robot/modelo_robot.egg-info/PKG-INFO
[1.287s] writing dependency_links to ../build/modelo_robot/modelo_robot.egg-info/dependency_links.txt
[1.288s] writing entry points to ../build/modelo_robot/modelo_robot.egg-info/entry_points.txt
[1.288s] writing requirements to ../build/modelo_robot/modelo_robot.egg-info/requires.txt
[1.288s] writing top-level names to ../build/modelo_robot/modelo_robot.egg-info/top_level.txt
[1.291s] reading manifest file '../build/modelo_robot/modelo_robot.egg-info/SOURCES.txt'
[1.292s] writing manifest file '../build/modelo_robot/modelo_robot.egg-info/SOURCES.txt'
[1.292s] running build
[1.292s] running build_py
[1.293s] running install
[1.293s] running install_lib
[1.296s] running install_data
[1.296s] creating /home/tobar/microproyecto_ws/install/modelo_robot/share/modelo_robot/urdf
[1.296s] copying urdf/URDF_Microproyecto_9.csv -> /home/tobar/microproyecto_ws/install/modelo_robot/share/modelo_robot/urdf
[1.296s] copying urdf/URDF_Microproyecto_9.urdf -> /home/tobar/microproyecto_ws/install/modelo_robot/share/modelo_robot/urdf
[1.296s] copying launch/display.launch.py -> /home/tobar/microproyecto_ws/install/modelo_robot/share/modelo_robot/launch
[1.297s] creating /home/tobar/microproyecto_ws/install/modelo_robot/share/modelo_robot/meshes
[1.297s] copying meshes/Cam_link.STL -> /home/tobar/microproyecto_ws/install/modelo_robot/share/modelo_robot/meshes
[1.301s] copying meshes/Rueda_izq.STL -> /home/tobar/microproyecto_ws/install/modelo_robot/share/modelo_robot/meshes
[1.301s] copying meshes/Rueda_der.STL -> /home/tobar/microproyecto_ws/install/modelo_robot/share/modelo_robot/meshes
[1.302s] copying meshes/base_link.STL -> /home/tobar/microproyecto_ws/install/modelo_robot/share/modelo_robot/meshes
[1.305s] creating /home/tobar/microproyecto_ws/install/modelo_robot/share/modelo_robot/worlds
[1.305s] running install_egg_info
[1.308s] removing '/home/tobar/microproyecto_ws/install/modelo_robot/lib/python3.10/site-packages/modelo_robot-0.0.0-py3.10.egg-info' (and everything under it)
[1.308s] Copying ../build/modelo_robot/modelo_robot.egg-info to /home/tobar/microproyecto_ws/install/modelo_robot/lib/python3.10/site-packages/modelo_robot-0.0.0-py3.10.egg-info
[1.309s] running install_scripts
[1.335s] writing list of installed files to '/home/tobar/microproyecto_ws/build/modelo_robot/install.log'
[1.379s] Invoked command in '/home/tobar/microproyecto_ws/modelo_robot' returned '0': PYTHONPATH=/home/tobar/microproyecto_ws/build/modelo_robot/prefix_override:/usr/lib/python3/dist-packages/colcon_core/task/python/colcon_distutils_commands:/home/tobar/microproyecto_ws/install/modelo_robot/lib/python3.10/site-packages:${PYTHONPATH} /usr/bin/python3 -W ignore:setup.py install is deprecated -W ignore:easy_install command is deprecated setup.py egg_info --egg-base ../build/modelo_robot build --build-base /home/tobar/microproyecto_ws/build/modelo_robot/build install --record /home/tobar/microproyecto_ws/build/modelo_robot/install.log --single-version-externally-managed install_data
