[0.848s] Invoking command in '/home/tobar/microproyecto_ws/modelo_robot': PYTHONPATH=/home/tobar/microproyecto_ws/build/modelo_robot/prefix_override:/usr/lib/python3/dist-packages/colcon_core/task/python/colcon_distutils_commands:/home/tobar/microproyecto_ws/install/modelo_robot/lib/python3.10/site-packages:${PYTHONPATH} /usr/bin/python3 -W ignore:setup.py install is deprecated -W ignore:easy_install command is deprecated setup.py egg_info --egg-base ../build/modelo_robot build --build-base /home/tobar/microproyecto_ws/build/modelo_robot/build install --record /home/tobar/microproyecto_ws/build/modelo_robot/install.log --single-version-externally-managed install_data
[1.154s] running egg_info
[1.154s] writing ../build/modelo_robot/modelo_robot.egg-info/PKG-INFO
[1.155s] writing dependency_links to ../build/modelo_robot/modelo_robot.egg-info/dependency_links.txt
[1.155s] writing entry points to ../build/modelo_robot/modelo_robot.egg-info/entry_points.txt
[1.155s] writing requirements to ../build/modelo_robot/modelo_robot.egg-info/requires.txt
[1.155s] writing top-level names to ../build/modelo_robot/modelo_robot.egg-info/top_level.txt
[1.157s] reading manifest file '../build/modelo_robot/modelo_robot.egg-info/SOURCES.txt'
[1.158s] writing manifest file '../build/modelo_robot/modelo_robot.egg-info/SOURCES.txt'
[1.158s] running build
[1.158s] running build_py
[1.159s] running install
[1.159s] running install_lib
[1.160s] running install_data
[1.160s] copying urdf/URDF_Microproyecto_9.urdf -> /home/tobar/microproyecto_ws/install/modelo_robot/share/modelo_robot/urdf
[1.161s] running install_egg_info
[1.163s] removing '/home/tobar/microproyecto_ws/install/modelo_robot/lib/python3.10/site-packages/modelo_robot-0.0.0-py3.10.egg-info' (and everything under it)
[1.164s] Copying ../build/modelo_robot/modelo_robot.egg-info to /home/tobar/microproyecto_ws/install/modelo_robot/lib/python3.10/site-packages/modelo_robot-0.0.0-py3.10.egg-info
[1.165s] running install_scripts
[1.191s] writing list of installed files to '/home/tobar/microproyecto_ws/build/modelo_robot/install.log'
[1.247s] Invoked command in '/home/tobar/microproyecto_ws/modelo_robot' returned '0': PYTHONPATH=/home/tobar/microproyecto_ws/build/modelo_robot/prefix_override:/usr/lib/python3/dist-packages/colcon_core/task/python/colcon_distutils_commands:/home/tobar/microproyecto_ws/install/modelo_robot/lib/python3.10/site-packages:${PYTHONPATH} /usr/bin/python3 -W ignore:setup.py install is deprecated -W ignore:easy_install command is deprecated setup.py egg_info --egg-base ../build/modelo_robot build --build-base /home/tobar/microproyecto_ws/build/modelo_robot/build install --record /home/tobar/microproyecto_ws/build/modelo_robot/install.log --single-version-externally-managed install_data
