[0.017s] Invoking command in '/home/tobar/microproyecto_ws/build/URDF_Microproyecto_9': /usr/bin/cmake /home/tobar/microproyecto_ws/src/URDF_Microproyecto_9 -DCATKIN_INSTALL_INTO_PREFIX_ROOT=0 -DCMAKE_INSTALL_PREFIX=/home/tobar/microproyecto_ws/install/URDF_Microproyecto_9
[0.055s] [0mCMake Deprecation Warning at CMakeLists.txt:1 (cmake_minimum_required):
[0.056s]   Compatibility with CMake < 2.8.12 will be removed from a future version of
[0.056s]   CMake.
[0.056s] 
[0.056s]   Update the VERSION argument <min> value or use a ...<max> suffix to tell
[0.056s]   CMake that the project does not need compatibility with older versions.
[0.056s] 
[0.056s] [0m
[0.186s] -- The C compiler identification is GNU 11.4.0
[0.314s] -- The CXX compiler identification is GNU 11.4.0
[0.331s] -- Detecting C compiler ABI info
[0.449s] -- Detecting C compiler ABI info - done
[0.460s] -- Check for working C compiler: /usr/bin/cc - skipped
[0.460s] -- Detecting C compile features
[0.461s] -- Detecting C compile features - done
[0.467s] -- Detecting CXX compiler ABI info
[0.596s] -- Detecting CXX compiler ABI info - done
[0.606s] -- Check for working CXX compiler: /usr/bin/c++ - skipped
[0.607s] -- Detecting CXX compile features
[0.607s] -- Detecting CXX compile features - done
[0.629s] [31mCMake Error at CMakeLists.txt:5 (find_package):
[0.630s]   By not providing "Findcatkin.cmake" in CMAKE_MODULE_PATH this project has
[0.630s]   asked CMake to find a package configuration file provided by "catkin", but
[0.630s]   CMake did not find one.
[0.630s] 
[0.631s]   Could not find a package configuration file provided by "catkin" with any
[0.631s]   of the following names:
[0.631s] 
[0.631s]     catkinConfig.cmake
[0.631s]     catkin-config.cmake
[0.631s] 
[0.631s]   Add the installation prefix of "catkin" to CMAKE_PREFIX_PATH or set
[0.632s]   "catkin_DIR" to a directory containing one of the above files.  If "catkin"
[0.632s]   provides a separate development package or SDK, be sure it has been
[0.632s]   installed.
[0.632s] 
[0.632s] [0m
[0.632s] -- Configuring incomplete, errors occurred!
[0.632s] See also "/home/tobar/microproyecto_ws/build/URDF_Microproyecto_9/CMakeFiles/CMakeOutput.log".
[0.635s] Invoked command in '/home/tobar/microproyecto_ws/build/URDF_Microproyecto_9' returned '1': /usr/bin/cmake /home/tobar/microproyecto_ws/src/URDF_Microproyecto_9 -DCATKIN_INSTALL_INTO_PREFIX_ROOT=0 -DCMAKE_INSTALL_PREFIX=/home/tobar/microproyecto_ws/install/URDF_Microproyecto_9
