running egg_info
creating ../build/modelo_robot/modelo_robot.egg-info
writing ../build/modelo_robot/modelo_robot.egg-info/PKG-INFO
writing dependency_links to ../build/modelo_robot/modelo_robot.egg-info/dependency_links.txt
writing entry points to ../build/modelo_robot/modelo_robot.egg-info/entry_points.txt
writing requirements to ../build/modelo_robot/modelo_robot.egg-info/requires.txt
writing top-level names to ../build/modelo_robot/modelo_robot.egg-info/top_level.txt
writing manifest file '../build/modelo_robot/modelo_robot.egg-info/SOURCES.txt'
reading manifest file '../build/modelo_robot/modelo_robot.egg-info/SOURCES.txt'
writing manifest file '../build/modelo_robot/modelo_robot.egg-info/SOURCES.txt'
running build
running build_py
creating /home/tobar/microproyecto_ws/build/modelo_robot/build
creating /home/tobar/microproyecto_ws/build/modelo_robot/build/lib
creating /home/tobar/microproyecto_ws/build/modelo_robot/build/lib/modelo_robot
copying modelo_robot/__init__.py -> /home/tobar/microproyecto_ws/build/modelo_robot/build/lib/modelo_robot
running install
running install_lib
creating /home/tobar/microproyecto_ws/install/modelo_robot/lib/python3.10/site-packages/modelo_robot
copying /home/tobar/microproyecto_ws/build/modelo_robot/build/lib/modelo_robot/__init__.py -> /home/tobar/microproyecto_ws/install/modelo_robot/lib/python3.10/site-packages/modelo_robot
byte-compiling /home/tobar/microproyecto_ws/install/modelo_robot/lib/python3.10/site-packages/modelo_robot/__init__.py to __init__.cpython-310.pyc
running install_data
creating /home/tobar/microproyecto_ws/install/modelo_robot/share/ament_index
creating /home/tobar/microproyecto_ws/install/modelo_robot/share/ament_index/resource_index
creating /home/tobar/microproyecto_ws/install/modelo_robot/share/ament_index/resource_index/packages
copying resource/modelo_robot -> /home/tobar/microproyecto_ws/install/modelo_robot/share/ament_index/resource_index/packages
copying package.xml -> /home/tobar/microproyecto_ws/install/modelo_robot/share/modelo_robot
running install_egg_info
Copying ../build/modelo_robot/modelo_robot.egg-info to /home/tobar/microproyecto_ws/install/modelo_robot/lib/python3.10/site-packages/modelo_robot-0.0.0-py3.10.egg-info
running install_scripts
writing list of installed files to '/home/tobar/microproyecto_ws/build/modelo_robot/install.log'
