[1.003s] Invoking command in '/home/tobar/microproyecto_ws/modelo_robot': PYTHONPATH=/home/tobar/microproyecto_ws/build/modelo_robot/prefix_override:/usr/lib/python3/dist-packages/colcon_core/task/python/colcon_distutils_commands:/home/tobar/microproyecto_ws/install/modelo_robot/lib/python3.10/site-packages:${PYTHONPATH} /usr/bin/python3 -W ignore:setup.py install is deprecated -W ignore:easy_install command is deprecated setup.py egg_info --egg-base ../build/modelo_robot build --build-base /home/tobar/microproyecto_ws/build/modelo_robot/build install --record /home/tobar/microproyecto_ws/build/modelo_robot/install.log --single-version-externally-managed install_data
[1.293s] running egg_info
[1.294s] creating ../build/modelo_robot/modelo_robot.egg-info
[1.294s] writing ../build/modelo_robot/modelo_robot.egg-info/PKG-INFO
[1.294s] writing dependency_links to ../build/modelo_robot/modelo_robot.egg-info/dependency_links.txt
[1.294s] writing entry points to ../build/modelo_robot/modelo_robot.egg-info/entry_points.txt
[1.295s] writing requirements to ../build/modelo_robot/modelo_robot.egg-info/requires.txt
[1.295s] writing top-level names to ../build/modelo_robot/modelo_robot.egg-info/top_level.txt
[1.295s] writing manifest file '../build/modelo_robot/modelo_robot.egg-info/SOURCES.txt'
[1.297s] reading manifest file '../build/modelo_robot/modelo_robot.egg-info/SOURCES.txt'
[1.298s] writing manifest file '../build/modelo_robot/modelo_robot.egg-info/SOURCES.txt'
[1.298s] running build
[1.298s] running build_py
[1.298s] creating /home/tobar/microproyecto_ws/build/modelo_robot/build
[1.298s] creating /home/tobar/microproyecto_ws/build/modelo_robot/build/lib
[1.298s] creating /home/tobar/microproyecto_ws/build/modelo_robot/build/lib/modelo_robot
[1.299s] copying modelo_robot/__init__.py -> /home/tobar/microproyecto_ws/build/modelo_robot/build/lib/modelo_robot
[1.299s] running install
[1.299s] running install_lib
[1.300s] creating /home/tobar/microproyecto_ws/install/modelo_robot/lib/python3.10/site-packages/modelo_robot
[1.300s] copying /home/tobar/microproyecto_ws/build/modelo_robot/build/lib/modelo_robot/__init__.py -> /home/tobar/microproyecto_ws/install/modelo_robot/lib/python3.10/site-packages/modelo_robot
[1.300s] byte-compiling /home/tobar/microproyecto_ws/install/modelo_robot/lib/python3.10/site-packages/modelo_robot/__init__.py to __init__.cpython-310.pyc
[1.301s] running install_data
[1.301s] creating /home/tobar/microproyecto_ws/install/modelo_robot/share/ament_index
[1.301s] creating /home/tobar/microproyecto_ws/install/modelo_robot/share/ament_index/resource_index
[1.301s] creating /home/tobar/microproyecto_ws/install/modelo_robot/share/ament_index/resource_index/packages
[1.301s] copying resource/modelo_robot -> /home/tobar/microproyecto_ws/install/modelo_robot/share/ament_index/resource_index/packages
[1.301s] copying package.xml -> /home/tobar/microproyecto_ws/install/modelo_robot/share/modelo_robot
[1.301s] running install_egg_info
[1.303s] Copying ../build/modelo_robot/modelo_robot.egg-info to /home/tobar/microproyecto_ws/install/modelo_robot/lib/python3.10/site-packages/modelo_robot-0.0.0-py3.10.egg-info
[1.304s] running install_scripts
[1.328s] writing list of installed files to '/home/tobar/microproyecto_ws/build/modelo_robot/install.log'
[1.362s] Invoked command in '/home/tobar/microproyecto_ws/modelo_robot' returned '0': PYTHONPATH=/home/tobar/microproyecto_ws/build/modelo_robot/prefix_override:/usr/lib/python3/dist-packages/colcon_core/task/python/colcon_distutils_commands:/home/tobar/microproyecto_ws/install/modelo_robot/lib/python3.10/site-packages:${PYTHONPATH} /usr/bin/python3 -W ignore:setup.py install is deprecated -W ignore:easy_install command is deprecated setup.py egg_info --egg-base ../build/modelo_robot build --build-base /home/tobar/microproyecto_ws/build/modelo_robot/build install --record /home/tobar/microproyecto_ws/build/modelo_robot/install.log --single-version-externally-managed install_data
